Microchip MPLAB XC8 Compiler V2.46

Linker command line:

-W-3 \
  --edf=C:\Program Files\Microchip\xc8\v2.46\pic\dat\20240104201356_en.msgs \
  -cn -h+dist/default/production\UfsDisplayBitBangin14.X.production.sym \
  --cmf=dist/default/production\UfsDisplayBitBangin14.X.production.cmf -z \
  -Q16F73 -oC:\Users\LUISSO~1\AppData\Local\Temp\xcAs7u4.\driver_tmp_3.o \
  --defsym=__MPLAB_BUILD=1 --fixupoverflow=error \
  -Mdist/default/production/UfsDisplayBitBangin14.X.production.map \
  --md=C:\Users\LUISSO~1\AppData\Local\Temp\xcAs7u4.\driver_tmp_0.dat -E1 \
  -ver=XC8 Compiler --acfsm=1493 -ACODE=00h-07FFhx2 -ASTRCODE=00h-0FFFh \
  -ASTRING=00h-0FFhx16 -ACONST=00h-0FFhx16 -AENTRY=00h-0FFhx16 \
  -ABANK0=020h-07Dh -ABANK1=0A0h-0FDh -ARAM=020h-07Dh,0A0h-0FDh \
  -AABS1=020h-07Fh,0A0h-0FFh -ACOMMON=07Eh-07Fh -ASFR0=00h-01Fh \
  -ASFR1=080h-09Fh -ASFR2=0100h-017Dh -ASFR3=0180h-01FDh \
  -ACONFIG=02007h-02007h -DCONFIG=2 -AIDLOC=02000h-02003h -DIDLOC=2 \
  -DCODE=2 -DSTRCODE=2 -DSTRING=2 -DCONST=2 -DENTRY=2 \
  -preset_vec=00h,intentry=04h,sivt,init,end_init -ppowerup=CODE \
  -pcinit=CODE -pfunctab=ENTRY -k \
  C:\Users\LUISSO~1\AppData\Local\Temp\xcAs7u4.\driver_tmp_9.o \
  dist/default/production\UfsDisplayBitBangin14.X.production.o 

Object code version is 3.11

Machine type is 16F73



                Name                               Link     Load   Length Selector   Space Scale
C:\Users\LUISSO~1\AppData\Local\Temp\xcAs7u4.\driver_tmp_9.o
                end_init                              D        D        2        8       0
                reset_vec                             0        0        2        0       0
                config                             2007     2007        1        0       4
dist/default/production\UfsDisplayBitBangin14.X.production.o
                cinit                                 F        F       26        8       0
                intentry                              4        4        9        8       0
                config                             2007     2007        1        0       4
                text19                              544      544        C        8       0
                text18                              58B      58B        4        8       0
                text17                              587      587        4        8       0
                text16                              583      583        4        8       0
                text15                              57F      57F        4        8       0
                text14                              57B      57B        4        8       0
                text13                              577      577        4        8       0
                text12                              4A8      4A8       4B        8       0
                text11                              573      573        4        8       0
                text10                              56F      56F        4        8       0
                text9                               56B      56B        4        8       0
                text8                               567      567        4        8       0
                text7                               563      563        4        8       0
                text6                               55F      55F        4        8       0
                text5                               45D      45D       4B        8       0
                text4                               4F3      4F3       41        8       0
                text3                               40A      40A       53        8       0
                text2                               3AA      3AA       60        8       0
                text1                               534      534       10        8       0
                maintext                             35       35      375        8       0
                cstackBANK0                          44       44        F       20       1
                clrtext                             550      550        8        8       0
                dataBANK0                            53       53        7       20       1
                bssBANK0                             20       20       24       20       1
                idataBANK0                          558      558        7        8       0

TOTAL           Name                               Link     Load   Length     Space
        CLASS   CODE           
                end_init                              D        D        2         0
                cinit                                 F        F       26         0
                intentry                              4        4        9         0
                reset_vec                             0        0        2         0
                text19                              544      544        C         0
                text18                              58B      58B        4         0
                text17                              587      587        4         0
                text16                              583      583        4         0
                text15                              57F      57F        4         0
                text14                              57B      57B        4         0
                text13                              577      577        4         0
                text12                              4A8      4A8       4B         0
                text11                              573      573        4         0
                text10                              56F      56F        4         0
                text9                               56B      56B        4         0
                text8                               567      567        4         0
                text7                               563      563        4         0
                text6                               55F      55F        4         0
                text5                               45D      45D       4B         0
                text4                               4F3      4F3       41         0
                text3                               40A      40A       53         0
                text2                               3AA      3AA       60         0
                text1                               534      534       10         0
                maintext                             35       35      375         0
                clrtext                             550      550        8         0
                idataBANK0                          558      558        7         0

        CLASS   STRCODE        

        CLASS   STRING         

        CLASS   CONST          

        CLASS   ENTRY          

        CLASS   BANK0          
                cstackBANK0                          44       44        F         1
                dataBANK0                            53       53        7         1
                bssBANK0                             20       20       24         1

        CLASS   BANK1          

        CLASS   RAM            

        CLASS   ABS1           
                abs_s1                               7E       7E        2         1

        CLASS   COMMON         

        CLASS   SFR0           

        CLASS   SFR1           

        CLASS   SFR2           

        CLASS   SFR3           

        CLASS   CONFIG         
                config                             2007     2007        1         4

        CLASS   IDLOC          

        CLASS   BANK3          

        CLASS   BANK2          

        CLASS   HEAP           

        CLASS   STACK          

        CLASS   EEDATA         



SEGMENTS        Name                           Load    Length   Top    Selector   Space  Class     Delta

                reset_vec                      000000  000002  000002         0       0  CODE        2
                intentry                       000004  00058B  00058F         8       0  CODE        2
                bssBANK0                       000020  00003A  00005A        20       1  BANK0       1


UNUSED ADDRESS RANGES

        Name                Unused          Largest block    Delta
        BANK0            005A-007D             24           1
        BANK1            00A0-00FD             5E           1
        CODE             0002-0003              2           2
                         058F-0FFF            271
        CONST            0002-0003              2           2
                         058F-0FFF            100
        ENTRY            0002-0003              2           2
                         058F-0FFF            100
        IDLOC            2000-2003              4           2
        RAM              005A-007D             24           1
                         00A0-00FD             5E
        SFR0             0000-001F             20           1
        SFR1             0080-009F             20           1
        SFR2             0100-017D             7E           1
        SFR3             0180-01FD             7E           1
        STRCODE          0002-0003              2           2
                         058F-0FFF            A71
        STRING           0002-0003              2           2
                         058F-0FFF            100

                                  Symbol Table

COMAX7219_send@d          cstackBANK0  004B
COMAX7219_send@dat        cstackBANK0  0046
COMAX7219_send@i          cstackBANK0  004E
COMAX7219_send@reg        cstackBANK0  004D
MAX7219_send@d            cstackBANK0  004B
MAX7219_send@dat          cstackBANK0  0046
MAX7219_send@i            cstackBANK0  004E
MAX7219_send@reg          cstackBANK0  004D
_BCC                      bssBANK0     003F
_COMAX7219_send           text12       04A8
_INTCONbits               (abs)        000B
_MAX7219_send             text5        045D
_MAX_CLK2_setHigh         text18       058B
_MAX_CLK2_setLow          text17       0587
_MAX_CLK_setHigh          text11       0573
_MAX_CLK_setLow           text10       056F
_MAX_DIN2_setHigh         text16       0583
_MAX_DIN2_setLow          text15       057F
_MAX_DIN_setHigh          text9        056B
_MAX_DIN_setLow           text8        0567
_MAX_LAT2_setHigh         text14       057B
_MAX_LAT2_setLow          text13       0577
_MAX_LAT_setHigh          text7        0563
_MAX_LAT_setLow           text6        055F
_OPTION_REGbits           (abs)        0081
_PORTCbits                (abs)        0007
_RA0                      (abs)        0028
_RA1                      (abs)        0029
_RA2                      (abs)        002A
_RC0                      (abs)        0038
_RC1                      (abs)        0039
_RC2                      (abs)        003A
_TMR0                     (abs)        0001
_TRISA                    (abs)        0085
_TRISB                    (abs)        0086
_TRISC                    (abs)        0087
__H__absolute__           __absolute__ 0000
__Habs1                   abs1         0000
__Hbank0                  bank0        0000
__Hbank1                  bank1        0000
__Hbank2                  bank2        0000
__Hbank3                  bank3        0000
__HbssBANK0               bssBANK0     0000
__Hcinit                  cinit        0035
__Hclrtext                clrtext      0000
__Hcode                   code         0000
__Hcommon                 common       0000
__Hconfig                 config       2008
__HcstackBANK0            cstackBANK0  0000
__HcstackCOMMON           cstackCOMMON 0000
__HdataBANK0              dataBANK0    0000
__Heeprom_data            eeprom_data  0000
__Hend_init               end_init     000F
__Hfunctab                functab      0000
__Hheap                   heap         0000
__HidataBANK0             idataBANK0   0000
__Hinit                   init         000D
__Hintentry               intentry     000D
__Hmaintext               maintext     0000
__Hpowerup                powerup      0000
__Hram                    ram          0000
__Hreset_vec              reset_vec    0002
__Hsfr0                   sfr0         0000
__Hsfr1                   sfr1         0000
__Hsfr2                   sfr2         0000
__Hsfr3                   sfr3         0000
__Hsivt                   sivt         000D
__Hspace_0                (abs)        058F
__Hspace_1                (abs)        005A
__Hspace_2                (abs)        0000
__Hspace_3                (abs)        0000
__Hspace_4                (abs)        400F
__Hstack                  stack        0000
__Hstrings                strings      0000
__Htext                   text         0000
__L__absolute__           __absolute__ 0000
__Labs1                   abs1         0000
__Lbank0                  bank0        0000
__Lbank1                  bank1        0000
__Lbank2                  bank2        0000
__Lbank3                  bank3        0000
__LbssBANK0               bssBANK0     0000
__Lcinit                  cinit        000F
__Lclrtext                clrtext      0000
__Lcode                   code         0000
__Lcommon                 common       0000
__Lconfig                 config       0000
__LcstackBANK0            cstackBANK0  0000
__LcstackCOMMON           cstackCOMMON 0000
__LdataBANK0              dataBANK0    0000
__Leeprom_data            eeprom_data  0000
__Lend_init               end_init     000D
__Lfunctab                functab      0000
__Lheap                   heap         0000
__LidataBANK0             idataBANK0   0000
__Linit                   init         000D
__Lintentry               intentry     0004
__Lmaintext               maintext     0000
__Lpowerup                powerup      0000
__Lram                    ram          0000
__Lreset_vec              reset_vec    0000
__Lsfr0                   sfr0         0000
__Lsfr1                   sfr1         0000
__Lsfr2                   sfr2         0000
__Lsfr3                   sfr3         0000
__Lsivt                   sivt         000D
__Lspace_0                (abs)        0000
__Lspace_1                (abs)        0000
__Lspace_2                (abs)        0000
__Lspace_3                (abs)        0000
__Lspace_4                (abs)        0000
__Lstack                  stack        0000
__Lstrings                strings      0000
__Ltext                   text         0000
__S0                      (abs)        058F
__S1                      (abs)        005A
___heap_hi                (abs)        0000
___heap_lo                (abs)        0000
___int_sp                 stack        0000
___int_stack_hi           stack        0000
___int_stack_lo           stack        0000
___latbits                (abs)        0001
___sp                     stack        0000
___stack_hi               stack        0000
___stack_lo               stack        0000
___stackhi                (abs)        0000
___stacklo                (abs)        0000
__end_of_COMAX7219_send   text12       04F3
__end_of_MAX7219_send     text5        04A8
__end_of_MAX_CLK2_setHigh text18       058F
__end_of_MAX_CLK2_setLow  text17       058B
__end_of_MAX_CLK_setHigh  text11       0577
__end_of_MAX_CLK_setLow   text10       0573
__end_of_MAX_DIN2_setHigh text16       0587
__end_of_MAX_DIN2_setLow  text15       0583
__end_of_MAX_DIN_setHigh  text9        056F
__end_of_MAX_DIN_setLow   text8        056B
__end_of_MAX_LAT2_setHigh text14       057F
__end_of_MAX_LAT2_setLow  text13       057B
__end_of_MAX_LAT_setHigh  text7        0567
__end_of_MAX_LAT_setLow   text6        0563
__end_of__initialization  cinit        0032
__end_of_initMAXs         text4        0534
__end_of_isr              text19       0550
__end_of_main             maintext     03AA
__end_of_receive_byte     text3        045D
__end_of_send_byte        text2        040A
__end_of_setup_timer      text1        0544
__initialization          cinit        000F
__pbssBANK0               bssBANK0     0020
__pcstackBANK0            cstackBANK0  0044
__pcstackCOMMON           cstackCOMMON 0000
__pdataBANK0              dataBANK0    0053
__pidataBANK0             idataBANK0   0558
__pintentry               intentry     0004
__pmaintext               maintext     0035
__ptext1                  text1        0534
__ptext10                 text10       056F
__ptext11                 text11       0573
__ptext12                 text12       04A8
__ptext13                 text13       0577
__ptext14                 text14       057B
__ptext15                 text15       057F
__ptext16                 text16       0583
__ptext17                 text17       0587
__ptext18                 text18       058B
__ptext19                 text19       0544
__ptext2                  text2        03AA
__ptext3                  text3        040A
__ptext4                  text4        04F3
__ptext5                  text5        045D
__ptext6                  text6        055F
__ptext7                  text7        0563
__ptext8                  text8        0567
__ptext9                  text9        056B
_bufferin                 bssBANK0     0020
_byteValue                bssBANK0     0043
_cMillon                  dataBANK0    0058
_dMil                     dataBANK0    0059
_flagCien                 dataBANK0    0053
_i                        bssBANK0     003E
_initMAXs                 text4        04F3
_isr                      text19       0544
_main                     maintext     0035
_nbyte                    bssBANK0     0042
_receive_byte             text3        040A
_sMillosnew               dataBANK0    0056
_sMillosold               dataBANK0    0057
_sMilnew                  dataBANK0    0054
_sMilold                  dataBANK0    0055
_send_byte                text2        03AA
_setup_timer              text1        0534
_zerosleft                bssBANK0     0040
btemp                     (abs)        007E
clear_ram0                clrtext      0550
end_of_initialization     cinit        0032
interrupt_function        intentry     0004
intlevel0                 functab      0000
intlevel1                 functab      0000
intlevel2                 functab      0000
intlevel3                 functab      0000
intlevel4                 functab      0000
intlevel5                 functab      0000
receive_byte@data         cstackBANK0  0047
receive_byte@i            cstackBANK0  0049
receive_byte@parity       cstackBANK0  0048
reset_vec                 reset_vec    0000
saved_w                   (abs)        007E
send_byte@data            cstackBANK0  0048
send_byte@i               cstackBANK0  0049
send_byte@parity          cstackBANK0  0047
start                     init         000D
start_initialization      cinit        000F
wtemp0                    (abs)        007E


MODULE INFORMATION

Module		Function		Class		Link	Load	Size
shared
		__initialization		CODE           	000F	0000	35

shared estimated size: 35

newmain14.c
		_MAX_DIN_setLow		CODE           	0567	0000	4
		_MAX_LAT_setHigh		CODE           	0563	0000	4
		_MAX_LAT2_setLow		CODE           	0577	0000	4
		_MAX_CLK_setHigh		CODE           	0573	0000	4
		_MAX_CLK2_setLow		CODE           	0587	0000	4
		_send_byte     		CODE           	03AA	0000	96
		_COMAX7219_send		CODE           	04A8	0000	75
		_initMAXs      		CODE           	04F3	0000	65
		_MAX_DIN_setHigh		CODE           	056B	0000	4
		_main          		CODE           	0035	0000	885
		_MAX_DIN2_setLow		CODE           	057F	0000	4
		_setup_timer   		CODE           	0534	0000	16
		_MAX7219_send  		CODE           	045D	0000	75
		_MAX_LAT2_setHigh		CODE           	057B	0000	4
		_isr           		CODE           	0544	0000	12
		_MAX_CLK2_setHigh		CODE           	058B	0000	4
		_receive_byte  		CODE           	040A	0000	83
		_MAX_LAT_setLow		CODE           	055F	0000	4
		_MAX_CLK_setLow		CODE           	056F	0000	4
		_MAX_DIN2_setHigh		CODE           	0583	0000	4

newmain14.c estimated size: 1355

